23:58:35 **** Incremental Build of configuration Debug for project sw_logic ****
make all 
'Building file: ../src/helloworld.c'
'Invoking: ARM gcc compiler'
arm-xilinx-eabi-gcc -Wall -O0 -g3 -c -fmessage-length=0 -MT"src/helloworld.o" -I../../sw_logic_bsp/ps7_cortexa9_0/include -MMD -MP -MF"src/helloworld.d" -MT"src/helloworld.d" -o "src/helloworld.o" "../src/helloworld.c"
'Finished building: ../src/helloworld.c'
' '
'Building target: sw_logic.elf'
'Invoking: ARM gcc linker'
arm-xilinx-eabi-gcc -Wl,-T -Wl,../src/lscript.ld -L../../sw_logic_bsp/ps7_cortexa9_0/lib -o "sw_logic.elf"  ./src/helloworld.o ./src/platform.o   -Wl,--start-group,-lxil,-lgcc,-lc,--end-group
'Finished building target: sw_logic.elf'
' '
'Invoking: ARM Print Size'
arm-xilinx-eabi-size sw_logic.elf  |tee "sw_logic.elf.size"
   text	   data	    bss	    dec	    hex	filename
  69296	   2344	  22652	  94292	  17054	sw_logic.elf
'Finished building: sw_logic.elf.size'
' '

23:58:35 Build Finished (took 753ms)

